%!Adobe-FontList 1.20
%Locale:0x415

%BeginFont
Handler:DirectoryHandler
FontType:Invalid
OutlineFileName:C:\Users\User\Downloads\Font\flaticon.css
FileModTime:1599996595
%EndFont

%BeginFont
Handler:DirectoryHandler
FontType:Invalid
OutlineFileName:C:\Users\User\Downloads\Font\Flaticon.eot
FileModTime:1599996594
%EndFont

%BeginFont
Handler:DirectoryHandler
FontType:Invalid
OutlineFileName:C:\Users\User\Downloads\Font\flaticon.html
FileModTime:1599996595
%EndFont

%BeginFont
Handler:DirectoryHandler
FontType:Invalid
OutlineFileName:C:\Users\User\Downloads\Font\Flaticon.svg
FileModTime:1599996593
%EndFont

%BeginFont
Handler:DirectoryHandler
FontType:TrueType
FontName:Flaticon
FamilyName:Flaticon
StyleName:Regular
FullName:Flaticon
MenuName:Flaticon
StyleBits:0
WritingScript:Roman
OutlineFileName:C:\Users\User\Downloads\Font\Flaticon.ttf
DataFormat:sfntData
hasSVG:no
VariableFontType:NonVariableFont
FileLength:4692
FileModTime:1599996593
WeightClass:400
WidthClass:5
AngleClass:0
NameArray:0,Mac,4,Flaticon
NameArray:0,Win,1,Flaticon
%EndFont

%BeginFont
Handler:DirectoryHandler
FontType:Invalid
OutlineFileName:C:\Users\User\Downloads\Font\Flaticon.woff
FileModTime:1599996594
%EndFont

%BeginFont
Handler:DirectoryHandler
FontType:Invalid
OutlineFileName:C:\Users\User\Downloads\Font\Flaticon.woff2
FileModTime:1599996594
%EndFont

%BeginFont
Handler:DirectoryHandler
FontType:Invalid
OutlineFileName:C:\Users\User\Downloads\Font\_flaticon.scss
FileModTime:1599996595
%EndFont

